---
source: tests/core/add.rs
expression: "repo.add(vec![\"random_name\"])"

---
Err(
    Read(
        ReadFileError(
            WsPath(
                "random_name",
            ),
            Os {
                code: 13,
                kind: PermissionDenied,
                message: "Permission denied",
            },
        ),
    ),
)
